[2021-11-15T23:24:59.569-0800][gc,heap] Heap region size: 1M
[2021-11-15T23:24:59.593-0800][gc     ] Using G1
[2021-11-15T23:24:59.593-0800][gc,heap,coops] Heap address: 0x00000000c0000000, size: 1024 MB, Compressed Oops mode: 32-bit
[2021-11-15T23:24:59.594-0800][gc,cds       ] Mark closed archive regions in map: [0x00000000fff00000, 0x00000000fff6aff8]
[2021-11-15T23:24:59.594-0800][gc,cds       ] Mark open archive regions in map: [0x00000000ffe00000, 0x00000000ffe46ff8]
[2021-11-15T23:25:00.596-0800][gc,start     ] GC(0) Pause Young (Normal) (G1 Evacuation Pause)
[2021-11-15T23:25:00.598-0800][gc,task      ] GC(0) Using 10 workers of 10 for evacuation
[2021-11-15T23:25:00.612-0800][gc,phases    ] GC(0)   Pre Evacuate Collection Set: 0.0ms
[2021-11-15T23:25:00.612-0800][gc,phases    ] GC(0)   Evacuate Collection Set: 13.0ms
[2021-11-15T23:25:00.612-0800][gc,phases    ] GC(0)   Post Evacuate Collection Set: 0.3ms
[2021-11-15T23:25:00.612-0800][gc,phases    ] GC(0)   Other: 2.1ms
[2021-11-15T23:25:00.612-0800][gc,heap      ] GC(0) Eden regions: 51->0(44)
[2021-11-15T23:25:00.612-0800][gc,heap      ] GC(0) Survivor regions: 0->7(7)
[2021-11-15T23:25:00.612-0800][gc,heap      ] GC(0) Old regions: 2->2
[2021-11-15T23:25:00.612-0800][gc,heap      ] GC(0) Humongous regions: 0->0
[2021-11-15T23:25:00.612-0800][gc,metaspace ] GC(0) Metaspace: 15848K->15848K(1062912K)
[2021-11-15T23:25:00.612-0800][gc           ] GC(0) Pause Young (Normal) (G1 Evacuation Pause) 51M->7M(1024M) 15.545ms
[2021-11-15T23:25:00.612-0800][gc,cpu       ] GC(0) User=0.02s Sys=0.07s Real=0.02s
[2021-11-15T23:25:00.824-0800][gc,start     ] GC(1) Pause Young (Concurrent Start) (Metadata GC Threshold)
[2021-11-15T23:25:00.824-0800][gc,task      ] GC(1) Using 10 workers of 10 for evacuation
[2021-11-15T23:25:00.838-0800][gc,phases    ] GC(1)   Pre Evacuate Collection Set: 0.0ms
[2021-11-15T23:25:00.838-0800][gc,phases    ] GC(1)   Evacuate Collection Set: 14.0ms
[2021-11-15T23:25:00.838-0800][gc,phases    ] GC(1)   Post Evacuate Collection Set: 0.2ms
[2021-11-15T23:25:00.839-0800][gc,phases    ] GC(1)   Other: 0.3ms
[2021-11-15T23:25:00.839-0800][gc,heap      ] GC(1) Eden regions: 20->0(49)
[2021-11-15T23:25:00.839-0800][gc,heap      ] GC(1) Survivor regions: 7->2(7)
[2021-11-15T23:25:00.839-0800][gc,heap      ] GC(1) Old regions: 2->9
[2021-11-15T23:25:00.839-0800][gc,heap      ] GC(1) Humongous regions: 0->0
[2021-11-15T23:25:00.839-0800][gc,metaspace ] GC(1) Metaspace: 20590K->20590K(1067008K)
[2021-11-15T23:25:00.839-0800][gc           ] GC(1) Pause Young (Concurrent Start) (Metadata GC Threshold) 26M->8M(1024M) 14.692ms
[2021-11-15T23:25:00.839-0800][gc,cpu       ] GC(1) User=0.14s Sys=0.00s Real=0.02s
[2021-11-15T23:25:00.839-0800][gc           ] GC(2) Concurrent Cycle
[2021-11-15T23:25:00.839-0800][gc,marking   ] GC(2) Concurrent Clear Claimed Marks
[2021-11-15T23:25:00.839-0800][gc,marking   ] GC(2) Concurrent Clear Claimed Marks 0.066ms
[2021-11-15T23:25:00.839-0800][gc,marking   ] GC(2) Concurrent Scan Root Regions
[2021-11-15T23:25:00.840-0800][gc,marking   ] GC(2) Concurrent Scan Root Regions 0.991ms
[2021-11-15T23:25:00.840-0800][gc,marking   ] GC(2) Concurrent Mark (1.278s)
[2021-11-15T23:25:00.840-0800][gc,marking   ] GC(2) Concurrent Mark From Roots
[2021-11-15T23:25:00.840-0800][gc,task      ] GC(2) Using 3 workers of 3 for marking
[2021-11-15T23:25:00.844-0800][gc,marking   ] GC(2) Concurrent Mark From Roots 3.830ms
[2021-11-15T23:25:00.844-0800][gc,marking   ] GC(2) Concurrent Preclean
[2021-11-15T23:25:00.844-0800][gc,marking   ] GC(2) Concurrent Preclean 0.287ms
[2021-11-15T23:25:00.844-0800][gc,marking   ] GC(2) Concurrent Mark (1.278s, 1.283s) 4.216ms
[2021-11-15T23:25:00.844-0800][gc,start     ] GC(2) Pause Remark
[2021-11-15T23:25:00.846-0800][gc,stringtable] GC(2) Cleaned string and symbol table, strings: 5053 processed, 0 removed, symbols: 50636 processed, 59 removed
[2021-11-15T23:25:00.846-0800][gc            ] GC(2) Pause Remark 9M->9M(1024M) 1.654ms
[2021-11-15T23:25:00.846-0800][gc,cpu        ] GC(2) User=0.00s Sys=0.00s Real=0.00s
[2021-11-15T23:25:00.846-0800][gc,marking    ] GC(2) Concurrent Rebuild Remembered Sets
[2021-11-15T23:25:00.848-0800][gc,marking    ] GC(2) Concurrent Rebuild Remembered Sets 2.324ms
[2021-11-15T23:25:00.849-0800][gc,start      ] GC(2) Pause Cleanup
[2021-11-15T23:25:00.849-0800][gc            ] GC(2) Pause Cleanup 9M->9M(1024M) 0.275ms
[2021-11-15T23:25:00.849-0800][gc,cpu        ] GC(2) User=0.00s Sys=0.00s Real=0.00s
[2021-11-15T23:25:00.849-0800][gc,marking    ] GC(2) Concurrent Cleanup for Next Mark
[2021-11-15T23:25:00.874-0800][gc,marking    ] GC(2) Concurrent Cleanup for Next Mark 25.533ms
[2021-11-15T23:25:00.874-0800][gc            ] GC(2) Concurrent Cycle 35.814ms
[2021-11-15T23:25:01.564-0800][gc,start      ] GC(3) Pause Young (Normal) (G1 Evacuation Pause)
[2021-11-15T23:25:01.564-0800][gc,task       ] GC(3) Using 10 workers of 10 for evacuation
[2021-11-15T23:25:01.567-0800][gc,phases     ] GC(3)   Pre Evacuate Collection Set: 0.0ms
[2021-11-15T23:25:01.567-0800][gc,phases     ] GC(3)   Evacuate Collection Set: 2.6ms
[2021-11-15T23:25:01.567-0800][gc,phases     ] GC(3)   Post Evacuate Collection Set: 0.3ms
[2021-11-15T23:25:01.567-0800][gc,phases     ] GC(3)   Other: 0.1ms
[2021-11-15T23:25:01.567-0800][gc,heap       ] GC(3) Eden regions: 49->0(46)
[2021-11-15T23:25:01.567-0800][gc,heap       ] GC(3) Survivor regions: 2->5(7)
[2021-11-15T23:25:01.567-0800][gc,heap       ] GC(3) Old regions: 9->9
[2021-11-15T23:25:01.567-0800][gc,heap       ] GC(3) Humongous regions: 129->129
[2021-11-15T23:25:01.567-0800][gc,metaspace  ] GC(3) Metaspace: 29655K->29655K(1075200K)
[2021-11-15T23:25:01.567-0800][gc            ] GC(3) Pause Young (Normal) (G1 Evacuation Pause) 186M->140M(1024M) 3.195ms
[2021-11-15T23:25:01.567-0800][gc,cpu        ] GC(3) User=0.00s Sys=0.00s Real=0.01s
[2021-11-15T23:25:01.719-0800][gc,start      ] GC(4) Pause Young (Concurrent Start) (GCLocker Initiated GC)
[2021-11-15T23:25:01.719-0800][gc,task       ] GC(4) Using 10 workers of 10 for evacuation
[2021-11-15T23:25:01.728-0800][gc,phases     ] GC(4)   Pre Evacuate Collection Set: 0.1ms
[2021-11-15T23:25:01.728-0800][gc,phases     ] GC(4)   Evacuate Collection Set: 8.0ms
[2021-11-15T23:25:01.728-0800][gc,phases     ] GC(4)   Post Evacuate Collection Set: 0.3ms
[2021-11-15T23:25:01.728-0800][gc,phases     ] GC(4)   Other: 0.3ms
[2021-11-15T23:25:01.728-0800][gc,heap       ] GC(4) Eden regions: 22->0(49)
[2021-11-15T23:25:01.728-0800][gc,heap       ] GC(4) Survivor regions: 5->2(7)
[2021-11-15T23:25:01.728-0800][gc,heap       ] GC(4) Old regions: 9->13
[2021-11-15T23:25:01.728-0800][gc,heap       ] GC(4) Humongous regions: 129->129
[2021-11-15T23:25:01.728-0800][gc,metaspace  ] GC(4) Metaspace: 34506K->34506K(1081344K)
[2021-11-15T23:25:01.728-0800][gc            ] GC(4) Pause Young (Concurrent Start) (GCLocker Initiated GC) 162M->141M(1024M) 8.770ms
[2021-11-15T23:25:01.728-0800][gc,cpu        ] GC(4) User=0.05s Sys=0.05s Real=0.01s
[2021-11-15T23:25:01.728-0800][gc            ] GC(5) Concurrent Cycle
[2021-11-15T23:25:01.728-0800][gc,marking    ] GC(5) Concurrent Clear Claimed Marks
[2021-11-15T23:25:01.728-0800][gc,marking    ] GC(5) Concurrent Clear Claimed Marks 0.093ms
[2021-11-15T23:25:01.728-0800][gc,marking    ] GC(5) Concurrent Scan Root Regions
[2021-11-15T23:25:01.729-0800][gc,marking    ] GC(5) Concurrent Scan Root Regions 1.186ms
[2021-11-15T23:25:01.729-0800][gc,marking    ] GC(5) Concurrent Mark (2.168s)
[2021-11-15T23:25:01.729-0800][gc,marking    ] GC(5) Concurrent Mark From Roots
[2021-11-15T23:25:01.729-0800][gc,task       ] GC(5) Using 3 workers of 3 for marking
[2021-11-15T23:25:01.740-0800][gc,marking    ] GC(5) Concurrent Mark From Roots 10.167ms
[2021-11-15T23:25:01.740-0800][gc,marking    ] GC(5) Concurrent Preclean
[2021-11-15T23:25:01.740-0800][gc,marking    ] GC(5) Concurrent Preclean 0.228ms
[2021-11-15T23:25:01.740-0800][gc,marking    ] GC(5) Concurrent Mark (2.168s, 2.179s) 10.639ms
[2021-11-15T23:25:01.740-0800][gc,start      ] GC(5) Pause Remark
[2021-11-15T23:25:01.742-0800][gc,stringtable] GC(5) Cleaned string and symbol table, strings: 9838 processed, 12 removed, symbols: 81547 processed, 17 removed
[2021-11-15T23:25:01.743-0800][gc            ] GC(5) Pause Remark 143M->143M(1024M) 2.925ms
[2021-11-15T23:25:01.743-0800][gc,cpu        ] GC(5) User=0.13s Sys=0.00s Real=0.00s
[2021-11-15T23:25:01.743-0800][gc,marking    ] GC(5) Concurrent Rebuild Remembered Sets
[2021-11-15T23:25:01.747-0800][gc,marking    ] GC(5) Concurrent Rebuild Remembered Sets 3.573ms
[2021-11-15T23:25:01.747-0800][gc,start      ] GC(5) Pause Cleanup
[2021-11-15T23:25:01.747-0800][gc            ] GC(5) Pause Cleanup 144M->144M(1024M) 0.128ms
[2021-11-15T23:25:01.747-0800][gc,cpu        ] GC(5) User=0.00s Sys=0.00s Real=0.00s
[2021-11-15T23:25:01.747-0800][gc,marking    ] GC(5) Concurrent Cleanup for Next Mark
[2021-11-15T23:25:01.766-0800][gc,marking    ] GC(5) Concurrent Cleanup for Next Mark 18.471ms
[2021-11-15T23:25:01.766-0800][gc            ] GC(5) Concurrent Cycle 37.858ms
[2021-11-15T23:30:26.153-0800][gc,start      ] GC(6) Pause Young (Normal) (G1 Evacuation Pause)
[2021-11-15T23:30:26.153-0800][gc,task       ] GC(6) Using 10 workers of 10 for evacuation
[2021-11-15T23:30:26.155-0800][gc,phases     ] GC(6)   Pre Evacuate Collection Set: 0.1ms
[2021-11-15T23:30:26.155-0800][gc,phases     ] GC(6)   Evacuate Collection Set: 2.1ms
[2021-11-15T23:30:26.155-0800][gc,phases     ] GC(6)   Post Evacuate Collection Set: 0.4ms
[2021-11-15T23:30:26.156-0800][gc,phases     ] GC(6)   Other: 0.2ms
[2021-11-15T23:30:26.156-0800][gc,heap       ] GC(6) Eden regions: 49->0(46)
[2021-11-15T23:30:26.156-0800][gc,heap       ] GC(6) Survivor regions: 2->5(7)
[2021-11-15T23:30:26.156-0800][gc,heap       ] GC(6) Old regions: 13->13
[2021-11-15T23:30:26.156-0800][gc,heap       ] GC(6) Humongous regions: 129->129
[2021-11-15T23:30:26.156-0800][gc,metaspace  ] GC(6) Metaspace: 41793K->41793K(1087488K)
[2021-11-15T23:30:26.156-0800][gc            ] GC(6) Pause Young (Normal) (G1 Evacuation Pause) 190M->144M(1024M) 2.969ms
[2021-11-15T23:30:26.156-0800][gc,cpu        ] GC(6) User=0.00s Sys=0.00s Real=0.00s
[2021-11-15T23:30:45.060-0800][gc,heap,exit  ] Heap
[2021-11-15T23:30:45.061-0800][gc,heap,exit  ]  garbage-first heap   total 1048576K, used 168517K [0x00000000c0000000, 0x0000000100000000)
[2021-11-15T23:30:45.061-0800][gc,heap,exit  ]   region size 1024K, 26 young (26624K), 5 survivors (5120K)
[2021-11-15T23:30:45.061-0800][gc,heap,exit  ]  Metaspace       used 42780K, capacity 45539K, committed 45692K, reserved 1087488K
[2021-11-15T23:30:45.061-0800][gc,heap,exit  ]   class space    used 6142K, capacity 7492K, committed 7552K, reserved 1048576K
