[2021-11-19T21:56:49.023-0800][gc,heap] Heap region size: 1M
[2021-11-19T21:56:49.050-0800][gc     ] Using G1
[2021-11-19T21:56:49.050-0800][gc,heap,coops] Heap address: 0x00000000c0000000, size: 1024 MB, Compressed Oops mode: 32-bit
[2021-11-19T21:56:49.051-0800][gc,cds       ] Mark closed archive regions in map: [0x00000000fff00000, 0x00000000fff6aff8]
[2021-11-19T21:56:49.051-0800][gc,cds       ] Mark open archive regions in map: [0x00000000ffe00000, 0x00000000ffe46ff8]
[2021-11-19T21:56:51.204-0800][gc,start     ] GC(0) Pause Young (Normal) (G1 Evacuation Pause)
[2021-11-19T21:56:51.205-0800][gc,task      ] GC(0) Using 10 workers of 10 for evacuation
[2021-11-19T21:56:51.225-0800][gc,phases    ] GC(0)   Pre Evacuate Collection Set: 0.0ms
[2021-11-19T21:56:51.225-0800][gc,phases    ] GC(0)   Evacuate Collection Set: 18.9ms
[2021-11-19T21:56:51.225-0800][gc,phases    ] GC(0)   Post Evacuate Collection Set: 0.5ms
[2021-11-19T21:56:51.225-0800][gc,phases    ] GC(0)   Other: 2.1ms
[2021-11-19T21:56:51.225-0800][gc,heap      ] GC(0) Eden regions: 51->0(44)
[2021-11-19T21:56:51.225-0800][gc,heap      ] GC(0) Survivor regions: 0->7(7)
[2021-11-19T21:56:51.225-0800][gc,heap      ] GC(0) Old regions: 2->2
[2021-11-19T21:56:51.225-0800][gc,heap      ] GC(0) Humongous regions: 0->0
[2021-11-19T21:56:51.225-0800][gc,metaspace ] GC(0) Metaspace: 15813K->15813K(1062912K)
[2021-11-19T21:56:51.225-0800][gc           ] GC(0) Pause Young (Normal) (G1 Evacuation Pause) 51M->7M(1024M) 21.605ms
[2021-11-19T21:56:51.225-0800][gc,cpu       ] GC(0) User=0.02s Sys=0.05s Real=0.02s
[2021-11-19T21:56:51.503-0800][gc,start     ] GC(1) Pause Young (Concurrent Start) (Metadata GC Threshold)
[2021-11-19T21:56:51.503-0800][gc,task      ] GC(1) Using 10 workers of 10 for evacuation
[2021-11-19T21:56:51.521-0800][gc,phases    ] GC(1)   Pre Evacuate Collection Set: 0.1ms
[2021-11-19T21:56:51.521-0800][gc,phases    ] GC(1)   Evacuate Collection Set: 17.0ms
[2021-11-19T21:56:51.521-0800][gc,phases    ] GC(1)   Post Evacuate Collection Set: 0.5ms
[2021-11-19T21:56:51.521-0800][gc,phases    ] GC(1)   Other: 0.4ms
[2021-11-19T21:56:51.521-0800][gc,heap      ] GC(1) Eden regions: 19->0(50)
[2021-11-19T21:56:51.521-0800][gc,heap      ] GC(1) Survivor regions: 7->1(7)
[2021-11-19T21:56:51.521-0800][gc,heap      ] GC(1) Old regions: 2->9
[2021-11-19T21:56:51.521-0800][gc,heap      ] GC(1) Humongous regions: 0->0
[2021-11-19T21:56:51.521-0800][gc,metaspace ] GC(1) Metaspace: 20622K->20622K(1067008K)
[2021-11-19T21:56:51.521-0800][gc           ] GC(1) Pause Young (Concurrent Start) (Metadata GC Threshold) 25M->8M(1024M) 18.094ms
[2021-11-19T21:56:51.521-0800][gc,cpu       ] GC(1) User=0.03s Sys=0.00s Real=0.02s
[2021-11-19T21:56:51.522-0800][gc           ] GC(2) Concurrent Cycle
[2021-11-19T21:56:51.522-0800][gc,marking   ] GC(2) Concurrent Clear Claimed Marks
[2021-11-19T21:56:51.522-0800][gc,marking   ] GC(2) Concurrent Clear Claimed Marks 0.073ms
[2021-11-19T21:56:51.522-0800][gc,marking   ] GC(2) Concurrent Scan Root Regions
[2021-11-19T21:56:51.523-0800][gc,marking   ] GC(2) Concurrent Scan Root Regions 0.956ms
[2021-11-19T21:56:51.523-0800][gc,marking   ] GC(2) Concurrent Mark (2.510s)
[2021-11-19T21:56:51.523-0800][gc,marking   ] GC(2) Concurrent Mark From Roots
[2021-11-19T21:56:51.528-0800][gc,task      ] GC(2) Using 3 workers of 3 for marking
[2021-11-19T21:56:51.533-0800][gc,marking   ] GC(2) Concurrent Mark From Roots 10.169ms
[2021-11-19T21:56:51.533-0800][gc,marking   ] GC(2) Concurrent Preclean
[2021-11-19T21:56:51.533-0800][gc,marking   ] GC(2) Concurrent Preclean 0.211ms
[2021-11-19T21:56:51.533-0800][gc,marking   ] GC(2) Concurrent Mark (2.510s, 2.520s) 10.509ms
[2021-11-19T21:56:51.533-0800][gc,start     ] GC(2) Pause Remark
[2021-11-19T21:56:51.536-0800][gc,stringtable] GC(2) Cleaned string and symbol table, strings: 4987 processed, 0 removed, symbols: 50532 processed, 55 removed
[2021-11-19T21:56:51.536-0800][gc            ] GC(2) Pause Remark 8M->8M(1024M) 2.530ms
[2021-11-19T21:56:51.536-0800][gc,cpu        ] GC(2) User=0.00s Sys=0.00s Real=0.00s
[2021-11-19T21:56:51.536-0800][gc,marking    ] GC(2) Concurrent Rebuild Remembered Sets
[2021-11-19T21:56:51.538-0800][gc,marking    ] GC(2) Concurrent Rebuild Remembered Sets 1.769ms
[2021-11-19T21:56:51.538-0800][gc,start      ] GC(2) Pause Cleanup
[2021-11-19T21:56:51.538-0800][gc            ] GC(2) Pause Cleanup 9M->9M(1024M) 0.278ms
[2021-11-19T21:56:51.538-0800][gc,cpu        ] GC(2) User=0.00s Sys=0.00s Real=0.00s
[2021-11-19T21:56:51.538-0800][gc,marking    ] GC(2) Concurrent Cleanup for Next Mark
[2021-11-19T21:56:51.557-0800][gc,marking    ] GC(2) Concurrent Cleanup for Next Mark 18.963ms
[2021-11-19T21:56:51.557-0800][gc            ] GC(2) Concurrent Cycle 35.905ms
[2021-11-19T21:56:53.546-0800][gc,start      ] GC(3) Pause Young (Normal) (G1 Evacuation Pause)
[2021-11-19T21:56:53.546-0800][gc,task       ] GC(3) Using 10 workers of 10 for evacuation
[2021-11-19T21:56:53.550-0800][gc,phases     ] GC(3)   Pre Evacuate Collection Set: 0.0ms
[2021-11-19T21:56:53.550-0800][gc,phases     ] GC(3)   Evacuate Collection Set: 3.5ms
[2021-11-19T21:56:53.550-0800][gc,phases     ] GC(3)   Post Evacuate Collection Set: 0.5ms
[2021-11-19T21:56:53.550-0800][gc,phases     ] GC(3)   Other: 0.2ms
[2021-11-19T21:56:53.550-0800][gc,heap       ] GC(3) Eden regions: 50->0(46)
[2021-11-19T21:56:53.550-0800][gc,heap       ] GC(3) Survivor regions: 1->5(7)
[2021-11-19T21:56:53.550-0800][gc,heap       ] GC(3) Old regions: 9->9
[2021-11-19T21:56:53.550-0800][gc,heap       ] GC(3) Humongous regions: 129->129
[2021-11-19T21:56:53.550-0800][gc,metaspace  ] GC(3) Metaspace: 29135K->29135K(1075200K)
[2021-11-19T21:56:53.550-0800][gc            ] GC(3) Pause Young (Normal) (G1 Evacuation Pause) 187M->140M(1024M) 4.460ms
[2021-11-19T21:56:53.550-0800][gc,cpu        ] GC(3) User=0.00s Sys=0.00s Real=0.01s
[2021-11-19T21:56:54.608-0800][gc,heap,exit  ] Heap
[2021-11-19T21:56:54.608-0800][gc,heap,exit  ]  garbage-first heap   total 1048576K, used 165203K [0x00000000c0000000, 0x0000000100000000)
[2021-11-19T21:56:54.608-0800][gc,heap,exit  ]   region size 1024K, 28 young (28672K), 5 survivors (5120K)
[2021-11-19T21:56:54.608-0800][gc,heap,exit  ]  Metaspace       used 32804K, capacity 34195K, committed 34300K, reserved 1079296K
[2021-11-19T21:56:54.608-0800][gc,heap,exit  ]   class space    used 4408K, capacity 5057K, committed 5116K, reserved 1048576K
