[2021-11-19T22:02:50.119-0800][gc,heap] Heap region size: 1M
[2021-11-19T22:02:50.149-0800][gc     ] Using G1
[2021-11-19T22:02:50.149-0800][gc,heap,coops] Heap address: 0x00000000c0000000, size: 1024 MB, Compressed Oops mode: 32-bit
[2021-11-19T22:02:50.150-0800][gc,cds       ] Mark closed archive regions in map: [0x00000000fff00000, 0x00000000fff6aff8]
[2021-11-19T22:02:50.150-0800][gc,cds       ] Mark open archive regions in map: [0x00000000ffe00000, 0x00000000ffe46ff8]
[2021-11-19T22:02:51.250-0800][gc,start     ] GC(0) Pause Young (Normal) (G1 Evacuation Pause)
[2021-11-19T22:02:51.260-0800][gc,task      ] GC(0) Using 10 workers of 10 for evacuation
[2021-11-19T22:02:51.281-0800][gc,mmu       ] GC(0) MMU target violated: 21.0ms (20.0ms/21.0ms)
[2021-11-19T22:02:51.281-0800][gc,phases    ] GC(0)   Pre Evacuate Collection Set: 0.0ms
[2021-11-19T22:02:51.281-0800][gc,phases    ] GC(0)   Evacuate Collection Set: 20.5ms
[2021-11-19T22:02:51.281-0800][gc,phases    ] GC(0)   Post Evacuate Collection Set: 0.6ms
[2021-11-19T22:02:51.281-0800][gc,phases    ] GC(0)   Other: 10.0ms
[2021-11-19T22:02:51.281-0800][gc,heap      ] GC(0) Eden regions: 51->0(44)
[2021-11-19T22:02:51.281-0800][gc,heap      ] GC(0) Survivor regions: 0->7(7)
[2021-11-19T22:02:51.281-0800][gc,heap      ] GC(0) Old regions: 2->2
[2021-11-19T22:02:51.281-0800][gc,heap      ] GC(0) Humongous regions: 0->0
[2021-11-19T22:02:51.281-0800][gc,metaspace ] GC(0) Metaspace: 15806K->15806K(1062912K)
[2021-11-19T22:02:51.281-0800][gc           ] GC(0) Pause Young (Normal) (G1 Evacuation Pause) 51M->7M(1024M) 31.182ms
[2021-11-19T22:02:51.281-0800][gc,cpu       ] GC(0) User=0.02s Sys=0.02s Real=0.03s
[2021-11-19T22:02:51.522-0800][gc,start     ] GC(1) Pause Young (Concurrent Start) (Metadata GC Threshold)
[2021-11-19T22:02:51.522-0800][gc,task      ] GC(1) Using 10 workers of 10 for evacuation
[2021-11-19T22:02:51.538-0800][gc,phases    ] GC(1)   Pre Evacuate Collection Set: 0.1ms
[2021-11-19T22:02:51.538-0800][gc,phases    ] GC(1)   Evacuate Collection Set: 15.5ms
[2021-11-19T22:02:51.538-0800][gc,phases    ] GC(1)   Post Evacuate Collection Set: 0.3ms
[2021-11-19T22:02:51.538-0800][gc,phases    ] GC(1)   Other: 0.3ms
[2021-11-19T22:02:51.538-0800][gc,heap      ] GC(1) Eden regions: 18->0(50)
[2021-11-19T22:02:51.538-0800][gc,heap      ] GC(1) Survivor regions: 7->1(7)
[2021-11-19T22:02:51.538-0800][gc,heap      ] GC(1) Old regions: 2->9
[2021-11-19T22:02:51.538-0800][gc,heap      ] GC(1) Humongous regions: 0->0
[2021-11-19T22:02:51.538-0800][gc,metaspace ] GC(1) Metaspace: 20467K->20467K(1067008K)
[2021-11-19T22:02:51.538-0800][gc           ] GC(1) Pause Young (Concurrent Start) (Metadata GC Threshold) 25M->7M(1024M) 16.307ms
[2021-11-19T22:02:51.538-0800][gc,cpu       ] GC(1) User=0.12s Sys=0.03s Real=0.02s
[2021-11-19T22:02:51.538-0800][gc           ] GC(2) Concurrent Cycle
[2021-11-19T22:02:51.538-0800][gc,marking   ] GC(2) Concurrent Clear Claimed Marks
[2021-11-19T22:02:51.538-0800][gc,marking   ] GC(2) Concurrent Clear Claimed Marks 0.110ms
[2021-11-19T22:02:51.538-0800][gc,marking   ] GC(2) Concurrent Scan Root Regions
[2021-11-19T22:02:51.539-0800][gc,marking   ] GC(2) Concurrent Scan Root Regions 0.688ms
[2021-11-19T22:02:51.539-0800][gc,marking   ] GC(2) Concurrent Mark (1.433s)
[2021-11-19T22:02:51.539-0800][gc,marking   ] GC(2) Concurrent Mark From Roots
[2021-11-19T22:02:51.540-0800][gc,task      ] GC(2) Using 3 workers of 3 for marking
[2021-11-19T22:02:51.544-0800][gc,marking   ] GC(2) Concurrent Mark From Roots 4.619ms
[2021-11-19T22:02:51.544-0800][gc,marking   ] GC(2) Concurrent Preclean
[2021-11-19T22:02:51.544-0800][gc,marking   ] GC(2) Concurrent Preclean 0.209ms
[2021-11-19T22:02:51.544-0800][gc,marking   ] GC(2) Concurrent Mark (1.433s, 1.438s) 4.909ms
[2021-11-19T22:02:51.544-0800][gc,start     ] GC(2) Pause Remark
[2021-11-19T22:02:51.546-0800][gc,stringtable] GC(2) Cleaned string and symbol table, strings: 4932 processed, 0 removed, symbols: 50034 processed, 56 removed
[2021-11-19T22:02:51.546-0800][gc            ] GC(2) Pause Remark 8M->8M(1024M) 1.603ms
[2021-11-19T22:02:51.546-0800][gc,cpu        ] GC(2) User=0.00s Sys=0.00s Real=0.00s
[2021-11-19T22:02:51.546-0800][gc,marking    ] GC(2) Concurrent Rebuild Remembered Sets
[2021-11-19T22:02:51.548-0800][gc,marking    ] GC(2) Concurrent Rebuild Remembered Sets 1.731ms
[2021-11-19T22:02:51.548-0800][gc,start      ] GC(2) Pause Cleanup
[2021-11-19T22:02:51.548-0800][gc            ] GC(2) Pause Cleanup 8M->8M(1024M) 0.185ms
[2021-11-19T22:02:51.548-0800][gc,cpu        ] GC(2) User=0.00s Sys=0.00s Real=0.00s
[2021-11-19T22:02:51.548-0800][gc,marking    ] GC(2) Concurrent Cleanup for Next Mark
[2021-11-19T22:02:51.564-0800][gc,marking    ] GC(2) Concurrent Cleanup for Next Mark 15.631ms
[2021-11-19T22:02:51.564-0800][gc            ] GC(2) Concurrent Cycle 25.553ms
[2021-11-19T22:02:52.221-0800][gc,start      ] GC(3) Pause Young (Normal) (G1 Evacuation Pause)
[2021-11-19T22:02:52.221-0800][gc,task       ] GC(3) Using 10 workers of 10 for evacuation
[2021-11-19T22:02:52.225-0800][gc,phases     ] GC(3)   Pre Evacuate Collection Set: 0.0ms
[2021-11-19T22:02:52.225-0800][gc,phases     ] GC(3)   Evacuate Collection Set: 3.3ms
[2021-11-19T22:02:52.225-0800][gc,phases     ] GC(3)   Post Evacuate Collection Set: 0.5ms
[2021-11-19T22:02:52.225-0800][gc,phases     ] GC(3)   Other: 0.2ms
[2021-11-19T22:02:52.225-0800][gc,heap       ] GC(3) Eden regions: 50->0(46)
[2021-11-19T22:02:52.225-0800][gc,heap       ] GC(3) Survivor regions: 1->5(7)
[2021-11-19T22:02:52.225-0800][gc,heap       ] GC(3) Old regions: 9->9
[2021-11-19T22:02:52.225-0800][gc,heap       ] GC(3) Humongous regions: 129->129
[2021-11-19T22:02:52.225-0800][gc,metaspace  ] GC(3) Metaspace: 29497K->29497K(1075200K)
[2021-11-19T22:02:52.225-0800][gc            ] GC(3) Pause Young (Normal) (G1 Evacuation Pause) 186M->140M(1024M) 4.115ms
[2021-11-19T22:02:52.225-0800][gc,cpu        ] GC(3) User=0.00s Sys=0.00s Real=0.00s
[2021-11-19T22:02:52.469-0800][gc,start      ] GC(4) Pause Young (Concurrent Start) (Metadata GC Threshold)
[2021-11-19T22:02:52.469-0800][gc,task       ] GC(4) Using 10 workers of 10 for evacuation
[2021-11-19T22:02:52.478-0800][gc,phases     ] GC(4)   Pre Evacuate Collection Set: 0.1ms
[2021-11-19T22:02:52.478-0800][gc,phases     ] GC(4)   Evacuate Collection Set: 8.4ms
[2021-11-19T22:02:52.478-0800][gc,phases     ] GC(4)   Post Evacuate Collection Set: 0.3ms
[2021-11-19T22:02:52.478-0800][gc,phases     ] GC(4)   Other: 0.2ms
[2021-11-19T22:02:52.478-0800][gc,heap       ] GC(4) Eden regions: 21->0(49)
[2021-11-19T22:02:52.478-0800][gc,heap       ] GC(4) Survivor regions: 5->2(7)
[2021-11-19T22:02:52.478-0800][gc,heap       ] GC(4) Old regions: 9->13
[2021-11-19T22:02:52.478-0800][gc,heap       ] GC(4) Humongous regions: 129->129
[2021-11-19T22:02:52.478-0800][gc,metaspace  ] GC(4) Metaspace: 34111K->34111K(1079296K)
[2021-11-19T22:02:52.478-0800][gc            ] GC(4) Pause Young (Concurrent Start) (Metadata GC Threshold) 160M->141M(1024M) 9.256ms
[2021-11-19T22:02:52.478-0800][gc,cpu        ] GC(4) User=0.01s Sys=0.02s Real=0.01s
[2021-11-19T22:02:52.478-0800][gc            ] GC(5) Concurrent Cycle
[2021-11-19T22:02:52.478-0800][gc,marking    ] GC(5) Concurrent Clear Claimed Marks
[2021-11-19T22:02:52.478-0800][gc,marking    ] GC(5) Concurrent Clear Claimed Marks 0.122ms
[2021-11-19T22:02:52.478-0800][gc,marking    ] GC(5) Concurrent Scan Root Regions
[2021-11-19T22:02:52.479-0800][gc,marking    ] GC(5) Concurrent Scan Root Regions 0.916ms
[2021-11-19T22:02:52.479-0800][gc,marking    ] GC(5) Concurrent Mark (2.373s)
[2021-11-19T22:02:52.479-0800][gc,marking    ] GC(5) Concurrent Mark From Roots
[2021-11-19T22:02:52.479-0800][gc,task       ] GC(5) Using 3 workers of 3 for marking
[2021-11-19T22:02:52.487-0800][gc,marking    ] GC(5) Concurrent Mark From Roots 7.343ms
[2021-11-19T22:02:52.487-0800][gc,marking    ] GC(5) Concurrent Preclean
[2021-11-19T22:02:52.487-0800][gc,marking    ] GC(5) Concurrent Preclean 0.626ms
[2021-11-19T22:02:52.487-0800][gc,marking    ] GC(5) Concurrent Mark (2.373s, 2.381s) 8.062ms
[2021-11-19T22:02:52.488-0800][gc,start      ] GC(5) Pause Remark
[2021-11-19T22:02:52.489-0800][gc,stringtable] GC(5) Cleaned string and symbol table, strings: 9875 processed, 12 removed, symbols: 80883 processed, 19 removed
[2021-11-19T22:02:52.490-0800][gc            ] GC(5) Pause Remark 143M->143M(1024M) 2.166ms
[2021-11-19T22:02:52.490-0800][gc,cpu        ] GC(5) User=0.00s Sys=0.00s Real=0.00s
[2021-11-19T22:02:52.490-0800][gc,marking    ] GC(5) Concurrent Rebuild Remembered Sets
[2021-11-19T22:02:52.493-0800][gc,marking    ] GC(5) Concurrent Rebuild Remembered Sets 3.292ms
[2021-11-19T22:02:52.493-0800][gc,start      ] GC(5) Pause Cleanup
[2021-11-19T22:02:52.494-0800][gc            ] GC(5) Pause Cleanup 144M->144M(1024M) 0.201ms
[2021-11-19T22:02:52.494-0800][gc,cpu        ] GC(5) User=0.00s Sys=0.00s Real=0.00s
[2021-11-19T22:02:52.494-0800][gc,marking    ] GC(5) Concurrent Cleanup for Next Mark
[2021-11-19T22:02:52.522-0800][gc,marking    ] GC(5) Concurrent Cleanup for Next Mark 28.842ms
[2021-11-19T22:02:52.523-0800][gc            ] GC(5) Concurrent Cycle 44.310ms
[2021-11-19T22:05:54.212-0800][gc,start      ] GC(6) Pause Young (Concurrent Start) (G1 Evacuation Pause)
[2021-11-19T22:05:54.212-0800][gc,task       ] GC(6) Using 10 workers of 10 for evacuation
[2021-11-19T22:05:54.218-0800][gc,phases     ] GC(6)   Pre Evacuate Collection Set: 0.2ms
[2021-11-19T22:05:54.218-0800][gc,phases     ] GC(6)   Evacuate Collection Set: 5.2ms
[2021-11-19T22:05:54.218-0800][gc,phases     ] GC(6)   Post Evacuate Collection Set: 0.5ms
[2021-11-19T22:05:54.218-0800][gc,phases     ] GC(6)   Other: 0.3ms
[2021-11-19T22:05:54.218-0800][gc,heap       ] GC(6) Eden regions: 49->0(46)
[2021-11-19T22:05:54.218-0800][gc,heap       ] GC(6) Survivor regions: 2->5(7)
[2021-11-19T22:05:54.218-0800][gc,heap       ] GC(6) Old regions: 13->13
[2021-11-19T22:05:54.218-0800][gc,heap       ] GC(6) Humongous regions: 129->129
[2021-11-19T22:05:54.218-0800][gc,metaspace  ] GC(6) Metaspace: 40844K->40844K(1085440K)
[2021-11-19T22:05:54.218-0800][gc            ] GC(6) Pause Young (Concurrent Start) (G1 Evacuation Pause) 190M->144M(1024M) 6.295ms
[2021-11-19T22:05:54.218-0800][gc,cpu        ] GC(6) User=0.00s Sys=0.00s Real=0.01s
[2021-11-19T22:05:54.218-0800][gc            ] GC(7) Concurrent Cycle
[2021-11-19T22:05:54.218-0800][gc,marking    ] GC(7) Concurrent Clear Claimed Marks
[2021-11-19T22:05:54.218-0800][gc,marking    ] GC(7) Concurrent Clear Claimed Marks 0.198ms
[2021-11-19T22:05:54.218-0800][gc,marking    ] GC(7) Concurrent Scan Root Regions
[2021-11-19T22:05:54.220-0800][gc,marking    ] GC(7) Concurrent Scan Root Regions 1.561ms
[2021-11-19T22:05:54.220-0800][gc,marking    ] GC(7) Concurrent Mark (184.114s)
[2021-11-19T22:05:54.220-0800][gc,marking    ] GC(7) Concurrent Mark From Roots
[2021-11-19T22:05:54.220-0800][gc,task       ] GC(7) Using 3 workers of 3 for marking
[2021-11-19T22:05:54.226-0800][gc,marking    ] GC(7) Concurrent Mark From Roots 6.341ms
[2021-11-19T22:05:54.226-0800][gc,marking    ] GC(7) Concurrent Preclean
[2021-11-19T22:05:54.226-0800][gc,marking    ] GC(7) Concurrent Preclean 0.154ms
[2021-11-19T22:05:54.226-0800][gc,marking    ] GC(7) Concurrent Mark (184.114s, 184.120s) 6.567ms
[2021-11-19T22:05:54.227-0800][gc,start      ] GC(7) Pause Remark
[2021-11-19T22:05:54.229-0800][gc,stringtable] GC(7) Cleaned string and symbol table, strings: 11212 processed, 5 removed, symbols: 87680 processed, 5 removed
[2021-11-19T22:05:54.229-0800][gc            ] GC(7) Pause Remark 144M->144M(1024M) 2.816ms
[2021-11-19T22:05:54.230-0800][gc,cpu        ] GC(7) User=0.00s Sys=0.00s Real=0.01s
[2021-11-19T22:05:54.230-0800][gc,marking    ] GC(7) Concurrent Rebuild Remembered Sets
[2021-11-19T22:05:54.233-0800][gc,marking    ] GC(7) Concurrent Rebuild Remembered Sets 3.207ms
[2021-11-19T22:05:54.233-0800][gc,start      ] GC(7) Pause Cleanup
[2021-11-19T22:05:54.233-0800][gc            ] GC(7) Pause Cleanup 144M->144M(1024M) 0.267ms
[2021-11-19T22:05:54.233-0800][gc,cpu        ] GC(7) User=0.00s Sys=0.00s Real=0.00s
[2021-11-19T22:05:54.233-0800][gc,marking    ] GC(7) Concurrent Cleanup for Next Mark
[2021-11-19T22:05:54.234-0800][gc,marking    ] GC(7) Concurrent Cleanup for Next Mark 0.829ms
[2021-11-19T22:05:54.234-0800][gc            ] GC(7) Concurrent Cycle 16.130ms
[2021-11-19T22:20:40.632-0800][gc,start      ] GC(8) Pause Young (Normal) (G1 Evacuation Pause)
[2021-11-19T22:20:40.632-0800][gc,task       ] GC(8) Using 10 workers of 10 for evacuation
[2021-11-19T22:20:40.636-0800][gc,phases     ] GC(8)   Pre Evacuate Collection Set: 0.1ms
[2021-11-19T22:20:40.636-0800][gc,phases     ] GC(8)   Evacuate Collection Set: 3.4ms
[2021-11-19T22:20:40.636-0800][gc,phases     ] GC(8)   Post Evacuate Collection Set: 0.4ms
[2021-11-19T22:20:40.636-0800][gc,phases     ] GC(8)   Other: 0.2ms
[2021-11-19T22:20:40.636-0800][gc,heap       ] GC(8) Eden regions: 46->0(47)
[2021-11-19T22:20:40.636-0800][gc,heap       ] GC(8) Survivor regions: 5->4(7)
[2021-11-19T22:20:40.636-0800][gc,heap       ] GC(8) Old regions: 13->14
[2021-11-19T22:20:40.636-0800][gc,heap       ] GC(8) Humongous regions: 129->129
[2021-11-19T22:20:40.636-0800][gc,metaspace  ] GC(8) Metaspace: 41393K->41393K(1087488K)
[2021-11-19T22:20:40.636-0800][gc            ] GC(8) Pause Young (Normal) (G1 Evacuation Pause) 190M->145M(1024M) 4.142ms
[2021-11-19T22:20:40.636-0800][gc,cpu        ] GC(8) User=0.00s Sys=0.00s Real=0.00s
[2021-11-19T22:56:08.259-0800][gc,start      ] GC(9) Pause Young (Normal) (G1 Evacuation Pause)
[2021-11-19T22:56:08.259-0800][gc,task       ] GC(9) Using 10 workers of 10 for evacuation
[2021-11-19T22:56:08.264-0800][gc,phases     ] GC(9)   Pre Evacuate Collection Set: 0.1ms
[2021-11-19T22:56:08.264-0800][gc,phases     ] GC(9)   Evacuate Collection Set: 4.1ms
[2021-11-19T22:56:08.264-0800][gc,phases     ] GC(9)   Post Evacuate Collection Set: 0.5ms
[2021-11-19T22:56:08.264-0800][gc,phases     ] GC(9)   Other: 0.3ms
[2021-11-19T22:56:08.264-0800][gc,heap       ] GC(9) Eden regions: 47->0(48)
[2021-11-19T22:56:08.264-0800][gc,heap       ] GC(9) Survivor regions: 4->3(7)
[2021-11-19T22:56:08.264-0800][gc,heap       ] GC(9) Old regions: 14->17
[2021-11-19T22:56:08.264-0800][gc,heap       ] GC(9) Humongous regions: 129->129
[2021-11-19T22:56:08.264-0800][gc,metaspace  ] GC(9) Metaspace: 41584K->41584K(1087488K)
[2021-11-19T22:56:08.264-0800][gc            ] GC(9) Pause Young (Normal) (G1 Evacuation Pause) 192M->146M(1024M) 5.024ms
[2021-11-19T22:56:08.264-0800][gc,cpu        ] GC(9) User=0.00s Sys=0.00s Real=0.00s
[2021-11-19T23:05:18.483-0800][gc,heap,exit  ] Heap
[2021-11-19T23:05:18.483-0800][gc,heap,exit  ]  garbage-first heap   total 1048576K, used 177315K [0x00000000c0000000, 0x0000000100000000)
[2021-11-19T23:05:18.483-0800][gc,heap,exit  ]   region size 1024K, 31 young (31744K), 3 survivors (3072K)
[2021-11-19T23:05:18.483-0800][gc,heap,exit  ]  Metaspace       used 42451K, capacity 44947K, committed 45176K, reserved 1087488K
[2021-11-19T23:05:18.483-0800][gc,heap,exit  ]   class space    used 5791K, capacity 6988K, committed 7032K, reserved 1048576K
