[2021-11-19T21:59:24.872-0800][gc,heap] Heap region size: 1M
[2021-11-19T21:59:24.907-0800][gc     ] Using G1
[2021-11-19T21:59:24.907-0800][gc,heap,coops] Heap address: 0x00000000c0000000, size: 1024 MB, Compressed Oops mode: 32-bit
[2021-11-19T21:59:24.908-0800][gc,cds       ] Mark closed archive regions in map: [0x00000000fff00000, 0x00000000fff6aff8]
[2021-11-19T21:59:24.908-0800][gc,cds       ] Mark open archive regions in map: [0x00000000ffe00000, 0x00000000ffe46ff8]
[2021-11-19T21:59:26.128-0800][gc,start     ] GC(0) Pause Young (Normal) (G1 Evacuation Pause)
[2021-11-19T21:59:26.130-0800][gc,task      ] GC(0) Using 10 workers of 10 for evacuation
[2021-11-19T21:59:26.147-0800][gc,phases    ] GC(0)   Pre Evacuate Collection Set: 0.0ms
[2021-11-19T21:59:26.147-0800][gc,phases    ] GC(0)   Evacuate Collection Set: 16.6ms
[2021-11-19T21:59:26.147-0800][gc,phases    ] GC(0)   Post Evacuate Collection Set: 0.5ms
[2021-11-19T21:59:26.147-0800][gc,phases    ] GC(0)   Other: 2.3ms
[2021-11-19T21:59:26.147-0800][gc,heap      ] GC(0) Eden regions: 51->0(44)
[2021-11-19T21:59:26.147-0800][gc,heap      ] GC(0) Survivor regions: 0->7(7)
[2021-11-19T21:59:26.147-0800][gc,heap      ] GC(0) Old regions: 2->2
[2021-11-19T21:59:26.147-0800][gc,heap      ] GC(0) Humongous regions: 0->0
[2021-11-19T21:59:26.147-0800][gc,metaspace ] GC(0) Metaspace: 15805K->15805K(1062912K)
[2021-11-19T21:59:26.147-0800][gc           ] GC(0) Pause Young (Normal) (G1 Evacuation Pause) 51M->7M(1024M) 19.571ms
[2021-11-19T21:59:26.147-0800][gc,cpu       ] GC(0) User=0.05s Sys=0.05s Real=0.02s
[2021-11-19T21:59:26.374-0800][gc,start     ] GC(1) Pause Young (Concurrent Start) (Metadata GC Threshold)
[2021-11-19T21:59:26.374-0800][gc,task      ] GC(1) Using 10 workers of 10 for evacuation
[2021-11-19T21:59:26.389-0800][gc,phases    ] GC(1)   Pre Evacuate Collection Set: 0.1ms
[2021-11-19T21:59:26.389-0800][gc,phases    ] GC(1)   Evacuate Collection Set: 14.2ms
[2021-11-19T21:59:26.389-0800][gc,phases    ] GC(1)   Post Evacuate Collection Set: 0.3ms
[2021-11-19T21:59:26.389-0800][gc,phases    ] GC(1)   Other: 0.3ms
[2021-11-19T21:59:26.389-0800][gc,heap      ] GC(1) Eden regions: 19->0(49)
[2021-11-19T21:59:26.389-0800][gc,heap      ] GC(1) Survivor regions: 7->2(7)
[2021-11-19T21:59:26.389-0800][gc,heap      ] GC(1) Old regions: 2->9
[2021-11-19T21:59:26.389-0800][gc,heap      ] GC(1) Humongous regions: 0->0
[2021-11-19T21:59:26.389-0800][gc,metaspace ] GC(1) Metaspace: 20605K->20605K(1067008K)
[2021-11-19T21:59:26.389-0800][gc           ] GC(1) Pause Young (Concurrent Start) (Metadata GC Threshold) 25M->8M(1024M) 14.956ms
[2021-11-19T21:59:26.389-0800][gc,cpu       ] GC(1) User=0.03s Sys=0.00s Real=0.02s
[2021-11-19T21:59:26.389-0800][gc           ] GC(2) Concurrent Cycle
[2021-11-19T21:59:26.389-0800][gc,marking   ] GC(2) Concurrent Clear Claimed Marks
[2021-11-19T21:59:26.389-0800][gc,marking   ] GC(2) Concurrent Clear Claimed Marks 0.078ms
[2021-11-19T21:59:26.389-0800][gc,marking   ] GC(2) Concurrent Scan Root Regions
[2021-11-19T21:59:26.390-0800][gc,marking   ] GC(2) Concurrent Scan Root Regions 0.974ms
[2021-11-19T21:59:26.390-0800][gc,marking   ] GC(2) Concurrent Mark (1.541s)
[2021-11-19T21:59:26.390-0800][gc,marking   ] GC(2) Concurrent Mark From Roots
[2021-11-19T21:59:26.391-0800][gc,task      ] GC(2) Using 3 workers of 3 for marking
[2021-11-19T21:59:26.395-0800][gc,marking   ] GC(2) Concurrent Mark From Roots 4.393ms
[2021-11-19T21:59:26.395-0800][gc,marking   ] GC(2) Concurrent Preclean
[2021-11-19T21:59:26.395-0800][gc,marking   ] GC(2) Concurrent Preclean 0.188ms
[2021-11-19T21:59:26.395-0800][gc,marking   ] GC(2) Concurrent Mark (1.541s, 1.545s) 4.667ms
[2021-11-19T21:59:26.395-0800][gc,start     ] GC(2) Pause Remark
[2021-11-19T21:59:26.397-0800][gc,stringtable] GC(2) Cleaned string and symbol table, strings: 4973 processed, 0 removed, symbols: 50157 processed, 56 removed
[2021-11-19T21:59:26.397-0800][gc            ] GC(2) Pause Remark 8M->8M(1024M) 1.964ms
[2021-11-19T21:59:26.397-0800][gc,cpu        ] GC(2) User=0.02s Sys=0.00s Real=0.01s
[2021-11-19T21:59:26.397-0800][gc,marking    ] GC(2) Concurrent Rebuild Remembered Sets
[2021-11-19T21:59:26.399-0800][gc,marking    ] GC(2) Concurrent Rebuild Remembered Sets 1.888ms
[2021-11-19T21:59:26.399-0800][gc,start      ] GC(2) Pause Cleanup
[2021-11-19T21:59:26.400-0800][gc            ] GC(2) Pause Cleanup 8M->8M(1024M) 0.180ms
[2021-11-19T21:59:26.400-0800][gc,cpu        ] GC(2) User=0.00s Sys=0.00s Real=0.00s
[2021-11-19T21:59:26.400-0800][gc,marking    ] GC(2) Concurrent Cleanup for Next Mark
[2021-11-19T21:59:26.421-0800][gc,marking    ] GC(2) Concurrent Cleanup for Next Mark 21.031ms
[2021-11-19T21:59:26.421-0800][gc            ] GC(2) Concurrent Cycle 31.523ms
[2021-11-19T21:59:27.288-0800][gc,start      ] GC(3) Pause Young (Normal) (G1 Evacuation Pause)
[2021-11-19T21:59:27.288-0800][gc,task       ] GC(3) Using 10 workers of 10 for evacuation
[2021-11-19T21:59:27.292-0800][gc,phases     ] GC(3)   Pre Evacuate Collection Set: 0.0ms
[2021-11-19T21:59:27.292-0800][gc,phases     ] GC(3)   Evacuate Collection Set: 3.9ms
[2021-11-19T21:59:27.292-0800][gc,phases     ] GC(3)   Post Evacuate Collection Set: 0.4ms
[2021-11-19T21:59:27.292-0800][gc,phases     ] GC(3)   Other: 0.2ms
[2021-11-19T21:59:27.292-0800][gc,heap       ] GC(3) Eden regions: 49->0(46)
[2021-11-19T21:59:27.292-0800][gc,heap       ] GC(3) Survivor regions: 2->5(7)
[2021-11-19T21:59:27.292-0800][gc,heap       ] GC(3) Old regions: 9->9
[2021-11-19T21:59:27.293-0800][gc,heap       ] GC(3) Humongous regions: 129->129
[2021-11-19T21:59:27.293-0800][gc,metaspace  ] GC(3) Metaspace: 29226K->29226K(1075200K)
[2021-11-19T21:59:27.293-0800][gc            ] GC(3) Pause Young (Normal) (G1 Evacuation Pause) 186M->140M(1024M) 4.681ms
[2021-11-19T21:59:27.293-0800][gc,cpu        ] GC(3) User=0.01s Sys=0.01s Real=0.00s
[2021-11-19T21:59:27.564-0800][gc,start      ] GC(4) Pause Young (Concurrent Start) (Metadata GC Threshold)
[2021-11-19T21:59:27.564-0800][gc,task       ] GC(4) Using 10 workers of 10 for evacuation
[2021-11-19T21:59:27.568-0800][gc,phases     ] GC(4)   Pre Evacuate Collection Set: 0.1ms
[2021-11-19T21:59:27.568-0800][gc,phases     ] GC(4)   Evacuate Collection Set: 3.7ms
[2021-11-19T21:59:27.568-0800][gc,phases     ] GC(4)   Post Evacuate Collection Set: 0.3ms
[2021-11-19T21:59:27.568-0800][gc,phases     ] GC(4)   Other: 0.3ms
[2021-11-19T21:59:27.568-0800][gc,heap       ] GC(4) Eden regions: 26->0(45)
[2021-11-19T21:59:27.568-0800][gc,heap       ] GC(4) Survivor regions: 5->6(7)
[2021-11-19T21:59:27.568-0800][gc,heap       ] GC(4) Old regions: 9->10
[2021-11-19T21:59:27.568-0800][gc,heap       ] GC(4) Humongous regions: 129->129
[2021-11-19T21:59:27.568-0800][gc,metaspace  ] GC(4) Metaspace: 34471K->34471K(1081344K)
[2021-11-19T21:59:27.568-0800][gc            ] GC(4) Pause Young (Concurrent Start) (Metadata GC Threshold) 166M->142M(1024M) 4.560ms
[2021-11-19T21:59:27.569-0800][gc,cpu        ] GC(4) User=0.00s Sys=0.00s Real=0.01s
[2021-11-19T21:59:27.569-0800][gc            ] GC(5) Concurrent Cycle
[2021-11-19T21:59:27.569-0800][gc,marking    ] GC(5) Concurrent Clear Claimed Marks
[2021-11-19T21:59:27.569-0800][gc,marking    ] GC(5) Concurrent Clear Claimed Marks 0.042ms
[2021-11-19T21:59:27.569-0800][gc,marking    ] GC(5) Concurrent Scan Root Regions
[2021-11-19T21:59:27.571-0800][gc,marking    ] GC(5) Concurrent Scan Root Regions 2.034ms
[2021-11-19T21:59:27.571-0800][gc,marking    ] GC(5) Concurrent Mark (2.721s)
[2021-11-19T21:59:27.571-0800][gc,marking    ] GC(5) Concurrent Mark From Roots
[2021-11-19T21:59:27.571-0800][gc,task       ] GC(5) Using 3 workers of 3 for marking
[2021-11-19T21:59:27.576-0800][gc,marking    ] GC(5) Concurrent Mark From Roots 4.786ms
[2021-11-19T21:59:27.576-0800][gc,marking    ] GC(5) Concurrent Preclean
[2021-11-19T21:59:27.576-0800][gc,marking    ] GC(5) Concurrent Preclean 0.182ms
[2021-11-19T21:59:27.576-0800][gc,marking    ] GC(5) Concurrent Mark (2.721s, 2.726s) 5.058ms
[2021-11-19T21:59:27.576-0800][gc,start      ] GC(5) Pause Remark
[2021-11-19T21:59:27.580-0800][gc,stringtable] GC(5) Cleaned string and symbol table, strings: 9967 processed, 13 removed, symbols: 79830 processed, 17 removed
[2021-11-19T21:59:27.580-0800][gc            ] GC(5) Pause Remark 143M->143M(1024M) 3.554ms
[2021-11-19T21:59:27.580-0800][gc,cpu        ] GC(5) User=0.00s Sys=0.00s Real=0.01s
[2021-11-19T21:59:27.580-0800][gc,marking    ] GC(5) Concurrent Rebuild Remembered Sets
[2021-11-19T21:59:27.583-0800][gc,marking    ] GC(5) Concurrent Rebuild Remembered Sets 2.504ms
[2021-11-19T21:59:27.583-0800][gc,start      ] GC(5) Pause Cleanup
[2021-11-19T21:59:27.583-0800][gc            ] GC(5) Pause Cleanup 143M->143M(1024M) 0.201ms
[2021-11-19T21:59:27.583-0800][gc,cpu        ] GC(5) User=0.00s Sys=0.00s Real=0.00s
[2021-11-19T21:59:27.583-0800][gc,marking    ] GC(5) Concurrent Cleanup for Next Mark
[2021-11-19T21:59:27.605-0800][gc,marking    ] GC(5) Concurrent Cleanup for Next Mark 21.935ms
[2021-11-19T21:59:27.605-0800][gc            ] GC(5) Concurrent Cycle 36.774ms
[2021-11-19T21:59:42.111-0800][gc,heap,exit  ] Heap
[2021-11-19T21:59:42.111-0800][gc,heap,exit  ]  garbage-first heap   total 1048576K, used 201971K [0x00000000c0000000, 0x0000000100000000)
[2021-11-19T21:59:42.111-0800][gc,heap,exit  ]   region size 1024K, 45 young (46080K), 6 survivors (6144K)
[2021-11-19T21:59:42.111-0800][gc,heap,exit  ]  Metaspace       used 40835K, capacity 43180K, committed 43312K, reserved 1085440K
[2021-11-19T21:59:42.111-0800][gc,heap,exit  ]   class space    used 5723K, capacity 6901K, committed 6960K, reserved 1048576K
