[2021-11-19T21:57:02.200-0800][gc,heap] Heap region size: 1M
[2021-11-19T21:57:02.221-0800][gc     ] Using G1
[2021-11-19T21:57:02.221-0800][gc,heap,coops] Heap address: 0x00000000c0000000, size: 1024 MB, Compressed Oops mode: 32-bit
[2021-11-19T21:57:02.222-0800][gc,cds       ] Mark closed archive regions in map: [0x00000000fff00000, 0x00000000fff6aff8]
[2021-11-19T21:57:02.222-0800][gc,cds       ] Mark open archive regions in map: [0x00000000ffe00000, 0x00000000ffe46ff8]
[2021-11-19T21:57:03.285-0800][gc,start     ] GC(0) Pause Young (Normal) (G1 Evacuation Pause)
[2021-11-19T21:57:03.286-0800][gc,task      ] GC(0) Using 10 workers of 10 for evacuation
[2021-11-19T21:57:03.304-0800][gc,phases    ] GC(0)   Pre Evacuate Collection Set: 0.0ms
[2021-11-19T21:57:03.304-0800][gc,phases    ] GC(0)   Evacuate Collection Set: 17.6ms
[2021-11-19T21:57:03.304-0800][gc,phases    ] GC(0)   Post Evacuate Collection Set: 0.4ms
[2021-11-19T21:57:03.304-0800][gc,phases    ] GC(0)   Other: 1.7ms
[2021-11-19T21:57:03.304-0800][gc,heap      ] GC(0) Eden regions: 51->0(44)
[2021-11-19T21:57:03.304-0800][gc,heap      ] GC(0) Survivor regions: 0->7(7)
[2021-11-19T21:57:03.304-0800][gc,heap      ] GC(0) Old regions: 2->2
[2021-11-19T21:57:03.304-0800][gc,heap      ] GC(0) Humongous regions: 0->0
[2021-11-19T21:57:03.304-0800][gc,metaspace ] GC(0) Metaspace: 15811K->15811K(1062912K)
[2021-11-19T21:57:03.304-0800][gc           ] GC(0) Pause Young (Normal) (G1 Evacuation Pause) 51M->7M(1024M) 19.818ms
[2021-11-19T21:57:03.304-0800][gc,cpu       ] GC(0) User=0.14s Sys=0.01s Real=0.02s
[2021-11-19T21:57:03.542-0800][gc,start     ] GC(1) Pause Young (Concurrent Start) (Metadata GC Threshold)
[2021-11-19T21:57:03.542-0800][gc,task      ] GC(1) Using 10 workers of 10 for evacuation
[2021-11-19T21:57:03.560-0800][gc,phases    ] GC(1)   Pre Evacuate Collection Set: 0.1ms
[2021-11-19T21:57:03.560-0800][gc,phases    ] GC(1)   Evacuate Collection Set: 16.6ms
[2021-11-19T21:57:03.560-0800][gc,phases    ] GC(1)   Post Evacuate Collection Set: 0.4ms
[2021-11-19T21:57:03.560-0800][gc,phases    ] GC(1)   Other: 0.5ms
[2021-11-19T21:57:03.560-0800][gc,heap      ] GC(1) Eden regions: 19->0(49)
[2021-11-19T21:57:03.560-0800][gc,heap      ] GC(1) Survivor regions: 7->2(7)
[2021-11-19T21:57:03.560-0800][gc,heap      ] GC(1) Old regions: 2->9
[2021-11-19T21:57:03.560-0800][gc,heap      ] GC(1) Humongous regions: 0->0
[2021-11-19T21:57:03.560-0800][gc,metaspace ] GC(1) Metaspace: 20614K->20614K(1067008K)
[2021-11-19T21:57:03.560-0800][gc           ] GC(1) Pause Young (Concurrent Start) (Metadata GC Threshold) 25M->8M(1024M) 17.763ms
[2021-11-19T21:57:03.560-0800][gc,cpu       ] GC(1) User=0.05s Sys=0.03s Real=0.02s
[2021-11-19T21:57:03.560-0800][gc           ] GC(2) Concurrent Cycle
[2021-11-19T21:57:03.560-0800][gc,marking   ] GC(2) Concurrent Clear Claimed Marks
[2021-11-19T21:57:03.560-0800][gc,marking   ] GC(2) Concurrent Clear Claimed Marks 0.078ms
[2021-11-19T21:57:03.560-0800][gc,marking   ] GC(2) Concurrent Scan Root Regions
[2021-11-19T21:57:03.564-0800][gc,marking   ] GC(2) Concurrent Scan Root Regions 4.027ms
[2021-11-19T21:57:03.564-0800][gc,marking   ] GC(2) Concurrent Mark (1.373s)
[2021-11-19T21:57:03.564-0800][gc,marking   ] GC(2) Concurrent Mark From Roots
[2021-11-19T21:57:03.565-0800][gc,task      ] GC(2) Using 3 workers of 3 for marking
[2021-11-19T21:57:03.570-0800][gc,marking   ] GC(2) Concurrent Mark From Roots 5.575ms
[2021-11-19T21:57:03.570-0800][gc,marking   ] GC(2) Concurrent Preclean
[2021-11-19T21:57:03.570-0800][gc,marking   ] GC(2) Concurrent Preclean 0.215ms
[2021-11-19T21:57:03.570-0800][gc,marking   ] GC(2) Concurrent Mark (1.373s, 1.379s) 5.920ms
[2021-11-19T21:57:03.571-0800][gc,start     ] GC(2) Pause Remark
[2021-11-19T21:57:03.574-0800][gc,stringtable] GC(2) Cleaned string and symbol table, strings: 4986 processed, 0 removed, symbols: 50526 processed, 55 removed
[2021-11-19T21:57:03.574-0800][gc            ] GC(2) Pause Remark 8M->8M(1024M) 3.304ms
[2021-11-19T21:57:03.574-0800][gc,cpu        ] GC(2) User=0.00s Sys=0.00s Real=0.00s
[2021-11-19T21:57:03.574-0800][gc,marking    ] GC(2) Concurrent Rebuild Remembered Sets
[2021-11-19T21:57:03.576-0800][gc,marking    ] GC(2) Concurrent Rebuild Remembered Sets 2.234ms
[2021-11-19T21:57:03.577-0800][gc,start      ] GC(2) Pause Cleanup
[2021-11-19T21:57:03.577-0800][gc            ] GC(2) Pause Cleanup 9M->9M(1024M) 0.272ms
[2021-11-19T21:57:03.577-0800][gc,cpu        ] GC(2) User=0.00s Sys=0.00s Real=0.01s
[2021-11-19T21:57:03.577-0800][gc,marking    ] GC(2) Concurrent Cleanup for Next Mark
[2021-11-19T21:57:03.600-0800][gc,marking    ] GC(2) Concurrent Cleanup for Next Mark 23.005ms
[2021-11-19T21:57:03.600-0800][gc            ] GC(2) Concurrent Cycle 39.721ms
[2021-11-19T21:57:04.400-0800][gc,start      ] GC(3) Pause Young (Normal) (G1 Evacuation Pause)
[2021-11-19T21:57:04.400-0800][gc,task       ] GC(3) Using 10 workers of 10 for evacuation
[2021-11-19T21:57:04.404-0800][gc,phases     ] GC(3)   Pre Evacuate Collection Set: 0.0ms
[2021-11-19T21:57:04.404-0800][gc,phases     ] GC(3)   Evacuate Collection Set: 3.2ms
[2021-11-19T21:57:04.404-0800][gc,phases     ] GC(3)   Post Evacuate Collection Set: 0.3ms
[2021-11-19T21:57:04.404-0800][gc,phases     ] GC(3)   Other: 0.2ms
[2021-11-19T21:57:04.404-0800][gc,heap       ] GC(3) Eden regions: 49->0(46)
[2021-11-19T21:57:04.404-0800][gc,heap       ] GC(3) Survivor regions: 2->5(7)
[2021-11-19T21:57:04.404-0800][gc,heap       ] GC(3) Old regions: 9->9
[2021-11-19T21:57:04.404-0800][gc,heap       ] GC(3) Humongous regions: 129->129
[2021-11-19T21:57:04.404-0800][gc,metaspace  ] GC(3) Metaspace: 29189K->29189K(1075200K)
[2021-11-19T21:57:04.404-0800][gc            ] GC(3) Pause Young (Normal) (G1 Evacuation Pause) 186M->140M(1024M) 3.753ms
[2021-11-19T21:57:04.404-0800][gc,cpu        ] GC(3) User=0.00s Sys=0.00s Real=0.00s
[2021-11-19T21:57:06.635-0800][gc,heap,exit  ] Heap
[2021-11-19T21:57:06.635-0800][gc,heap,exit  ]  garbage-first heap   total 1048576K, used 166136K [0x00000000c0000000, 0x0000000100000000)
[2021-11-19T21:57:06.635-0800][gc,heap,exit  ]   region size 1024K, 28 young (28672K), 5 survivors (5120K)
[2021-11-19T21:57:06.635-0800][gc,heap,exit  ]  Metaspace       used 32788K, capacity 34191K, committed 34300K, reserved 1079296K
[2021-11-19T21:57:06.635-0800][gc,heap,exit  ]   class space    used 4406K, capacity 5056K, committed 5116K, reserved 1048576K
