[2021-11-19T21:58:06.157-0800][gc,heap] Heap region size: 1M
[2021-11-19T21:58:06.181-0800][gc     ] Using G1
[2021-11-19T21:58:06.181-0800][gc,heap,coops] Heap address: 0x00000000c0000000, size: 1024 MB, Compressed Oops mode: 32-bit
[2021-11-19T21:58:06.182-0800][gc,cds       ] Mark closed archive regions in map: [0x00000000fff00000, 0x00000000fff6aff8]
[2021-11-19T21:58:06.182-0800][gc,cds       ] Mark open archive regions in map: [0x00000000ffe00000, 0x00000000ffe46ff8]
[2021-11-19T21:58:28.060-0800][gc,heap,exit ] Heap
[2021-11-19T21:58:28.060-0800][gc,heap,exit ]  garbage-first heap   total 1048576K, used 49864K [0x00000000c0000000, 0x0000000100000000)
[2021-11-19T21:58:28.060-0800][gc,heap,exit ]   region size 1024K, 49 young (50176K), 0 survivors (0K)
[2021-11-19T21:58:28.060-0800][gc,heap,exit ]  Metaspace       used 15024K, capacity 15546K, committed 15616K, reserved 1062912K
[2021-11-19T21:58:28.060-0800][gc,heap,exit ]   class space    used 2059K, capacity 2272K, committed 2304K, reserved 1048576K
