[2021-11-19T22:02:16.142-0800][gc,heap] Heap region size: 1M
[2021-11-19T22:02:16.184-0800][gc     ] Using G1
[2021-11-19T22:02:16.184-0800][gc,heap,coops] Heap address: 0x00000000c0000000, size: 1024 MB, Compressed Oops mode: 32-bit
[2021-11-19T22:02:16.185-0800][gc,cds       ] Mark closed archive regions in map: [0x00000000fff00000, 0x00000000fff6aff8]
[2021-11-19T22:02:16.185-0800][gc,cds       ] Mark open archive regions in map: [0x00000000ffe00000, 0x00000000ffe46ff8]
[2021-11-19T22:02:17.307-0800][gc,start     ] GC(0) Pause Young (Normal) (G1 Evacuation Pause)
[2021-11-19T22:02:17.309-0800][gc,task      ] GC(0) Using 10 workers of 10 for evacuation
[2021-11-19T22:02:17.326-0800][gc,phases    ] GC(0)   Pre Evacuate Collection Set: 0.0ms
[2021-11-19T22:02:17.326-0800][gc,phases    ] GC(0)   Evacuate Collection Set: 16.0ms
[2021-11-19T22:02:17.326-0800][gc,phases    ] GC(0)   Post Evacuate Collection Set: 0.5ms
[2021-11-19T22:02:17.326-0800][gc,phases    ] GC(0)   Other: 2.4ms
[2021-11-19T22:02:17.326-0800][gc,heap      ] GC(0) Eden regions: 51->0(44)
[2021-11-19T22:02:17.326-0800][gc,heap      ] GC(0) Survivor regions: 0->7(7)
[2021-11-19T22:02:17.326-0800][gc,heap      ] GC(0) Old regions: 2->2
[2021-11-19T22:02:17.326-0800][gc,heap      ] GC(0) Humongous regions: 0->0
[2021-11-19T22:02:17.326-0800][gc,metaspace ] GC(0) Metaspace: 15809K->15809K(1062912K)
[2021-11-19T22:02:17.326-0800][gc           ] GC(0) Pause Young (Normal) (G1 Evacuation Pause) 51M->7M(1024M) 19.096ms
[2021-11-19T22:02:17.326-0800][gc,cpu       ] GC(0) User=0.04s Sys=0.02s Real=0.02s
[2021-11-19T22:02:17.572-0800][gc,start     ] GC(1) Pause Young (Concurrent Start) (Metadata GC Threshold)
[2021-11-19T22:02:17.572-0800][gc,task      ] GC(1) Using 10 workers of 10 for evacuation
[2021-11-19T22:02:17.590-0800][gc,phases    ] GC(1)   Pre Evacuate Collection Set: 0.1ms
[2021-11-19T22:02:17.590-0800][gc,phases    ] GC(1)   Evacuate Collection Set: 17.2ms
[2021-11-19T22:02:17.590-0800][gc,phases    ] GC(1)   Post Evacuate Collection Set: 0.3ms
[2021-11-19T22:02:17.590-0800][gc,phases    ] GC(1)   Other: 0.3ms
[2021-11-19T22:02:17.590-0800][gc,heap      ] GC(1) Eden regions: 19->0(50)
[2021-11-19T22:02:17.590-0800][gc,heap      ] GC(1) Survivor regions: 7->1(7)
[2021-11-19T22:02:17.590-0800][gc,heap      ] GC(1) Old regions: 2->9
[2021-11-19T22:02:17.590-0800][gc,heap      ] GC(1) Humongous regions: 0->0
[2021-11-19T22:02:17.590-0800][gc,metaspace ] GC(1) Metaspace: 20602K->20602K(1067008K)
[2021-11-19T22:02:17.590-0800][gc           ] GC(1) Pause Young (Concurrent Start) (Metadata GC Threshold) 26M->8M(1024M) 18.112ms
[2021-11-19T22:02:17.590-0800][gc,cpu       ] GC(1) User=0.05s Sys=0.03s Real=0.02s
[2021-11-19T22:02:17.590-0800][gc           ] GC(2) Concurrent Cycle
[2021-11-19T22:02:17.590-0800][gc,marking   ] GC(2) Concurrent Clear Claimed Marks
[2021-11-19T22:02:17.590-0800][gc,marking   ] GC(2) Concurrent Clear Claimed Marks 0.038ms
[2021-11-19T22:02:17.590-0800][gc,marking   ] GC(2) Concurrent Scan Root Regions
[2021-11-19T22:02:17.591-0800][gc,marking   ] GC(2) Concurrent Scan Root Regions 0.795ms
[2021-11-19T22:02:17.591-0800][gc,marking   ] GC(2) Concurrent Mark (1.472s)
[2021-11-19T22:02:17.591-0800][gc,marking   ] GC(2) Concurrent Mark From Roots
[2021-11-19T22:02:17.592-0800][gc,task      ] GC(2) Using 3 workers of 3 for marking
[2021-11-19T22:02:17.597-0800][gc,marking   ] GC(2) Concurrent Mark From Roots 5.878ms
[2021-11-19T22:02:17.597-0800][gc,marking   ] GC(2) Concurrent Preclean
[2021-11-19T22:02:17.597-0800][gc,marking   ] GC(2) Concurrent Preclean 0.163ms
[2021-11-19T22:02:17.597-0800][gc,marking   ] GC(2) Concurrent Mark (1.472s, 1.478s) 6.129ms
[2021-11-19T22:02:17.597-0800][gc,start     ] GC(2) Pause Remark
[2021-11-19T22:02:17.600-0800][gc,stringtable] GC(2) Cleaned string and symbol table, strings: 4975 processed, 0 removed, symbols: 50160 processed, 56 removed
[2021-11-19T22:02:17.600-0800][gc            ] GC(2) Pause Remark 8M->8M(1024M) 2.745ms
[2021-11-19T22:02:17.600-0800][gc,cpu        ] GC(2) User=0.01s Sys=0.00s Real=0.00s
[2021-11-19T22:02:17.600-0800][gc,marking    ] GC(2) Concurrent Rebuild Remembered Sets
[2021-11-19T22:02:17.602-0800][gc,marking    ] GC(2) Concurrent Rebuild Remembered Sets 1.636ms
[2021-11-19T22:02:17.602-0800][gc,start      ] GC(2) Pause Cleanup
[2021-11-19T22:02:17.602-0800][gc            ] GC(2) Pause Cleanup 8M->8M(1024M) 0.292ms
[2021-11-19T22:02:17.602-0800][gc,cpu        ] GC(2) User=0.00s Sys=0.00s Real=0.00s
[2021-11-19T22:02:17.602-0800][gc,marking    ] GC(2) Concurrent Cleanup for Next Mark
[2021-11-19T22:02:17.624-0800][gc,marking    ] GC(2) Concurrent Cleanup for Next Mark 21.636ms
[2021-11-19T22:02:17.624-0800][gc            ] GC(2) Concurrent Cycle 33.911ms
[2021-11-19T22:02:18.591-0800][gc,start      ] GC(3) Pause Young (Normal) (G1 Evacuation Pause)
[2021-11-19T22:02:18.591-0800][gc,task       ] GC(3) Using 10 workers of 10 for evacuation
[2021-11-19T22:02:18.594-0800][gc,phases     ] GC(3)   Pre Evacuate Collection Set: 0.0ms
[2021-11-19T22:02:18.594-0800][gc,phases     ] GC(3)   Evacuate Collection Set: 2.8ms
[2021-11-19T22:02:18.594-0800][gc,phases     ] GC(3)   Post Evacuate Collection Set: 0.3ms
[2021-11-19T22:02:18.594-0800][gc,phases     ] GC(3)   Other: 0.2ms
[2021-11-19T22:02:18.594-0800][gc,heap       ] GC(3) Eden regions: 50->0(47)
[2021-11-19T22:02:18.594-0800][gc,heap       ] GC(3) Survivor regions: 1->4(7)
[2021-11-19T22:02:18.594-0800][gc,heap       ] GC(3) Old regions: 9->9
[2021-11-19T22:02:18.594-0800][gc,heap       ] GC(3) Humongous regions: 129->129
[2021-11-19T22:02:18.594-0800][gc,metaspace  ] GC(3) Metaspace: 28858K->28858K(1075200K)
[2021-11-19T22:02:18.594-0800][gc            ] GC(3) Pause Young (Normal) (G1 Evacuation Pause) 187M->139M(1024M) 3.442ms
[2021-11-19T22:02:18.594-0800][gc,cpu        ] GC(3) User=0.00s Sys=0.00s Real=0.00s
[2021-11-19T22:02:18.746-0800][gc,heap,exit  ] Heap
[2021-11-19T22:02:18.746-0800][gc,heap,exit  ]  garbage-first heap   total 1048576K, used 155565K [0x00000000c0000000, 0x0000000100000000)
[2021-11-19T22:02:18.746-0800][gc,heap,exit  ]   region size 1024K, 18 young (18432K), 4 survivors (4096K)
[2021-11-19T22:02:18.746-0800][gc,heap,exit  ]  Metaspace       used 31170K, capacity 32374K, committed 32560K, reserved 1077248K
[2021-11-19T22:02:18.746-0800][gc,heap,exit  ]   class space    used 4068K, capacity 4591K, committed 4656K, reserved 1048576K
